[
  {
    "PolicyId": 1,
    "PolicyNumber": "POL-001",
    "EffectiveDate": "2025-08-01T00:00:00",
    "InsuredName": "John Doe"
  }
]