[
  {
    "CustomerId": 1,
    "FirstName": "Alice",
    "LastName": "Williams",
    "Email": "alice.smith@example.com"
  }
]