[
    {
        "CustomerId": 1,
        "FirstName": "Jane",
        "LastName": "Smith",
        "Email": "jane.smith@example.com"
    }
]