[
  {
    "OrderId": 1,
    "OrderDate": "2025-07-31T10:00:00",
    "CustomerId": 1,
    "OrderStatusId": 2,
    "TotalAmount": 1274.98
  }
]
