[
  {
    "OrderId": 1,
    "OrderDate": "2025-07-31T10:00:00",
    "Customer": "alice.williams@example.com",
    "OrderStatus": "Shipping",
    "TotalAmount": 1274.98
  }
]
